../Core/Src/main.c:88:5:_write	24	static
../Core/Src/main.c:100:6:send_at_command	40	static
../Core/Src/main.c:146:6:ESP01_ConnectWiFi	152	static
../Core/Src/main.c:175:5:main	24	static
../Core/Src/main.c:310:6:SystemClock_Config	88	static
../Core/Src/main.c:352:13:MX_USART1_UART_Init	8	static
../Core/Src/main.c:385:13:MX_USART2_UART_Init	8	static
../Core/Src/main.c:418:13:MX_USART3_UART_Init	8	static
../Core/Src/main.c:451:13:MX_GPIO_Init	40	static
../Core/Src/main.c:512:6:Error_Handler	4	static,ignoring_inline_asm
