../Core/Src/main.c:104:5:_write	24	static
../Core/Src/main.c:119:9:read_green_button	8	static
../Core/Src/main.c:132:9:read_red_button	8	static
../Core/Src/main.c:223:5:main	40	static
../Core/Src/main.c:557:6:SystemClock_Config	88	static
../Core/Src/main.c:599:13:MX_USART1_UART_Init	8	static
../Core/Src/main.c:632:13:MX_USART2_UART_Init	8	static
../Core/Src/main.c:665:13:MX_USART3_UART_Init	8	static
../Core/Src/main.c:698:13:MX_GPIO_Init	40	static
../Core/Src/main.c:765:6:Error_Handler	4	static,ignoring_inline_asm
