../Core/Src/main.c:81:5:_write	24	static
../Core/Src/main.c:92:5:main	112	static
../Core/Src/main.c:269:6:SystemClock_Config	88	static
../Core/Src/main.c:316:13:MX_TIM1_Init	48	static
../Core/Src/main.c:384:13:MX_TIM2_Init	64	static
../Core/Src/main.c:444:13:MX_TIM3_Init	48	static
../Core/Src/main.c:494:13:MX_TIM5_Init	32	static
../Core/Src/main.c:539:13:MX_TIM8_Init	48	static
../Core/Src/main.c:607:13:MX_TIM9_Init	40	static
../Core/Src/main.c:653:13:MX_TIM12_Init	40	static
../Core/Src/main.c:699:13:MX_USART1_UART_Init	8	static
../Core/Src/main.c:729:13:MX_GPIO_Init	56	static
../Core/Src/main.c:780:6:HAL_TIM_IC_CaptureCallback	16	static
../Core/Src/main.c:790:6:Error_Handler	4	static,ignoring_inline_asm
