../Core/Src/main.c:81:5:_write	24	static
../Core/Src/main.c:92:5:main	48	static
../Core/Src/main.c:257:6:SystemClock_Config	88	static
../Core/Src/main.c:304:13:MX_TIM1_Init	48	static
../Core/Src/main.c:372:13:MX_TIM2_Init	64	static
../Core/Src/main.c:432:13:MX_TIM3_Init	48	static
../Core/Src/main.c:482:13:MX_TIM5_Init	32	static
../Core/Src/main.c:527:13:MX_TIM8_Init	48	static
../Core/Src/main.c:595:13:MX_TIM9_Init	40	static
../Core/Src/main.c:641:13:MX_TIM12_Init	40	static
../Core/Src/main.c:687:13:MX_USART1_UART_Init	8	static
../Core/Src/main.c:717:13:MX_GPIO_Init	56	static
../Core/Src/main.c:768:6:HAL_TIM_IC_CaptureCallback	16	static
../Core/Src/main.c:778:6:Error_Handler	4	static,ignoring_inline_asm
