../Core/Src/motor_control.c:31:6:Motor_Init	8	static
../Core/Src/motor_control.c:82:6:Motor_Stop_All	16	static
../Core/Src/motor_control.c:98:17:speed_to_duty	24	static
../Core/Src/motor_control.c:116:6:Motor_SetSpeed	24	static
../Core/Src/motor_control.c:152:6:Motor_SetDuty_Raw	16	static
../Core/Src/motor_control.c:184:6:Motor_Forward	24	static
../Core/Src/motor_control.c:197:6:Motor_Reverse	24	static
../Core/Src/motor_control.c:212:6:Motor_Turn_Left	16	static
../Core/Src/motor_control.c:229:6:Motor_Turn_Right	16	static
../Core/Src/motor_control.c:247:6:Motor_Rotate_Left	16	static
../Core/Src/motor_control.c:264:6:Motor_Rotate_Right	16	static
../Core/Src/motor_control.c:281:9:Motor_GetSpeed	24	static
../Core/Src/motor_control.c:304:6:Motor_Test_TIM9_PWM	24	static
