../Core/Src/main.c:107:6:delay_us	16	static
../Core/Src/main.c:113:7:Median_Filter	40	static
../Core/Src/main.c:136:6:Update_Filter	16	static
../Core/Src/main.c:157:6:Sensors_Init	16	static
../Core/Src/main.c:232:6:HC_SR04_Trigger_All	24	static
../Core/Src/main.c:259:7:HC_SR04_Calculate_Distance	24	static
../Core/Src/main.c:282:6:Print_Sensor_Data	304	static
../Core/Src/main.c:309:5:_write	24	static
../Core/Src/main.c:320:5:main	24	static
../Core/Src/main.c:426:6:SystemClock_Config	88	static
../Core/Src/main.c:468:13:MX_TIM1_Init	48	static
../Core/Src/main.c:535:13:MX_TIM2_Init	32	static
../Core/Src/main.c:576:13:MX_TIM3_Init	48	static
../Core/Src/main.c:631:13:MX_TIM8_Init	48	static
../Core/Src/main.c:698:13:MX_USART1_UART_Init	8	static
../Core/Src/main.c:727:13:MX_GPIO_Init	48	static
../Core/Src/main.c:777:6:HAL_TIM_IC_CaptureCallback	24	static
../Core/Src/main.c:841:6:Error_Handler	4	static,ignoring_inline_asm
